[     784ms] [ERROR] Failed to load resource: the server responded with a status of 500 (Internal Server Error) @ http://localhost:3000/chart/getting-started/:0
[    1024ms] Error: ENOENT: no such file or directory, open '/Users/moon/work/flitter/docs/.next/server/app/chart/getting-started/page.js'
    at Object.readFileSync (node:fs:435:20)
    at defaultLoadImpl (node:internal/modules/cjs/loader:1147:17)
    at loadSource (node:internal/modules/cjs/loader:1837:20)
    at Object..js (node:internal/modules/cjs/loader:1935:44)
    at Module.load (node:internal/modules/cjs/loader:1532:32)
    at Module._load (node:internal/modules/cjs/loader:1334:12)
    at wrapModuleLoad (node:internal/modules/cjs/loader:255:19)
    at Module.<anonymous> (node:internal/modules/cjs/loader:1555:12)
    at mod.require (file:///Users/moon/work/flitter/node_modules/.pnpm/next@15.5.12_@playwright+test@1.58.2_react-dom@19.2.4_react@19.2.4__react@19.2.4/node_modules/next/dist/server/require-hook.js:68:28)
    at require (node:internal/modules/helpers:152:16)
    at requirePage (file:///Users/moon/work/flitter/node_modules/.pnpm/next@15.5.12_@playwright+test@1.58.2_react-dom@19.2.4_react@19.2.4__react@19.2.4/node_modules/next/dist/server/require.js:99:80)
    at loadComponentsImpl (file:///Users/moon/work/flitter/node_modules/.pnpm/next@15.5.12_@playwright+test@1.58.2_react-dom@19.2.4_react@19.2.4__react@19.2.4/node_modules/next/dist/server/load-components.js:132:57)
    at async DevServer.findPageComponentsImpl (file:///Users/moon/work/flitter/node_modules/.pnpm/next@15.5.12_@playwright+test@1.58.2_react-dom@19.2.4_react@19.2.4__react@19.2.4/node_modules/next/dist/server/next-server.js:899:36)
    at async DevServer.findPageComponents (file:///Users/moon/work/flitter/node_modules/.pnpm/next@15.5.12_@playwright+test@1.58.2_react-dom@19.2.4_react@19.2.4__react@19.2.4/node_modules/next/dist/server/dev/next-dev-server.js:706:16)
    at async DevServer.renderPageComponent (file:///Users/moon/work/flitter/node_modules/.pnpm/next@15.5.12_@playwright+test@1.58.2_react-dom@19.2.4_react@19.2.4__react@19.2.4/node_modules/next/dist/server/base-server.js:1460:24)
    at async DevServer.renderToResponseImpl (file:///Users/moon/work/flitter/node_modules/.pnpm/next@15.5.12_@playwright+test@1.58.2_react-dom@19.2.4_react@19.2.4__react@19.2.4/node_modules/next/dist/server/base-server.js:1514:32)
    at async DevServer.pipeImpl (file:///Users/moon/work/flitter/node_modules/.pnpm/next@15.5.12_@playwright+test@1.58.2_react-dom@19.2.4_react@19.2.4__react@19.2.4/node_modules/next/dist/server/base-server.js:1025:25)
    at async NextNodeServer.handleCatchallRenderRequest (file:///Users/moon/work/flitter/node_modules/.pnpm/next@15.5.12_@playwright+test@1.58.2_react-dom@19.2.4_react@19.2.4__react@19.2.4/node_modules/next/dist/server/next-server.js:393:17)
    at async DevServer.handleRequestImpl (file:///Users/moon/work/flitter/node_modules/.pnpm/next@15.5.12_@playwright+test@1.58.2_react-dom@19.2.4_react@19.2.4__react@19.2.4/node_modules/next/dist/server/base-server.js:916:17)
    at async (file:///Users/moon/work/flitter/node_modules/.pnpm/next@15.5.12_@playwright+test@1.58.2_react-dom@19.2.4_react@19.2.4__react@19.2.4/node_modules/next/dist/server/dev/next-dev-server.js:400:20)
    at async Span.traceAsyncFn (file:///Users/moon/work/flitter/node_modules/.pnpm/next@15.5.12_@playwright+test@1.58.2_react-dom@19.2.4_react@19.2.4__react@19.2.4/node_modules/next/dist/trace/trace.js:157:20)
    at async DevServer.handleRequest (file:///Users/moon/work/flitter/node_modules/.pnpm/next@15.5.12_@playwright+test@1.58.2_react-dom@19.2.4_react@19.2.4__react@19.2.4/node_modules/next/dist/server/dev/next-dev-server.js:396:24)
    at async invokeRender (file:///Users/moon/work/flitter/node_modules/.pnpm/next@15.5.12_@playwright+test@1.58.2_react-dom@19.2.4_react@19.2.4__react@19.2.4/node_modules/next/dist/server/lib/router-server.js:240:21)
    at async handleRequest (file:///Users/moon/work/flitter/node_modules/.pnpm/next@15.5.12_@playwright+test@1.58.2_react-dom@19.2.4_react@19.2.4__react@19.2.4/node_modules/next/dist/server/lib/router-server.js:437:24)
    at async requestHandlerImpl (file:///Users/moon/work/flitter/node_modules/.pnpm/next@15.5.12_@playwright+test@1.58.2_react-dom@19.2.4_react@19.2.4__react@19.2.4/node_modules/next/dist/server/lib/router-server.js:485:13)
    at async Server.requestListener (file:///Users/moon/work/flitter/node_modules/.pnpm/next@15.5.12_@playwright+test@1.58.2_react-dom@19.2.4_react@19.2.4__react@19.2.4/node_modules/next/dist/server/lib/start-server.js:226:13)
[   12925ms] [ERROR] WebSocket connection to 'ws://localhost:3000/_next/webpack-hmr' failed: Error in connection establishment: net::ERR_CONNECTION_REFUSED @ webpack-internal:///(pages-dir-browser)/../node_modules/.pnpm/next@15.5.12_@playwright+test@1.58.2_react-dom@19.2.4_react@19.2.4__react@19.2.4/node_modules/next/dist/client/dev/hot-reloader/pages/websocket.js:88
[   13928ms] [ERROR] WebSocket connection to 'ws://localhost:3000/_next/webpack-hmr' failed: Error in connection establishment: net::ERR_CONNECTION_REFUSED @ webpack-internal:///(pages-dir-browser)/../node_modules/.pnpm/next@15.5.12_@playwright+test@1.58.2_react-dom@19.2.4_react@19.2.4__react@19.2.4/node_modules/next/dist/client/dev/hot-reloader/pages/websocket.js:88
[   14930ms] [ERROR] WebSocket connection to 'ws://localhost:3000/_next/webpack-hmr' failed: Error in connection establishment: net::ERR_CONNECTION_REFUSED @ webpack-internal:///(pages-dir-browser)/../node_modules/.pnpm/next@15.5.12_@playwright+test@1.58.2_react-dom@19.2.4_react@19.2.4__react@19.2.4/node_modules/next/dist/client/dev/hot-reloader/pages/websocket.js:88
[   16480ms] [ERROR] Failed to load resource: the server responded with a status of 404 (Not Found) @ http://localhost:3000/_next/static/webpack/a82bacbe212278d4.webpack.hot-update.json:0
[   16480ms] [WARNING] [Fast Refresh] performing full reload because your application had an unrecoverable error @ webpack-internal:///(pages-dir-browser)/../node_modules/.pnpm/next@15.5.12_@playwright+test@1.58.2_react-dom@19.2.4_react@19.2.4__react@19.2.4/node_modules/next/dist/client/dev/hot-reloader/pages/hot-reloader-pages.js:347
[   18417ms] [ERROR] Failed to load resource: the server responded with a status of 404 (Not Found) @ http://localhost:3000/_next/static/webpack/a82bacbe212278d4.webpack.hot-update.json:0
[   18417ms] [WARNING] [Fast Refresh] performing full reload because your application had an unrecoverable error @ webpack-internal:///(pages-dir-browser)/../node_modules/.pnpm/next@15.5.12_@playwright+test@1.58.2_react-dom@19.2.4_react@19.2.4__react@19.2.4/node_modules/next/dist/client/dev/hot-reloader/pages/hot-reloader-pages.js:347
