[  652724ms] [ERROR] ./src/app/page.tsx:2:1
Module not found: Can't resolve '@/components/ScrollReveal'
  1 | import Link from "next/link";
> 2 | import ScrollReveal from "@/components/ScrollReveal";
    | ^
  3 |
  4 | export default function Home() {
  5 |   return (

https://nextjs.org/docs/messages/module-not-found @ webpack-internal:///(app-pages-browser)/../node_modules/.pnpm/next@15.5.12_@playwright+test@1.58.2_react-dom@19.2.4_react@19.2.4__react@19.2.4/node_modules/next/dist/next-devtools/userspace/app/errors/intercept-console-error.js:56
[  655561ms] [ERROR] ./src/app/page.tsx:2:1
Module not found: Can't resolve '@/components/ScrollReveal'
  1 | import Link from "next/link";
> 2 | import ScrollReveal from "@/components/ScrollReveal";
    | ^
  3 |
  4 | export default function Home() {
  5 |   return (

https://nextjs.org/docs/messages/module-not-found @ webpack-internal:///(app-pages-browser)/../node_modules/.pnpm/next@15.5.12_@playwright+test@1.58.2_react-dom@19.2.4_react@19.2.4__react@19.2.4/node_modules/next/dist/next-devtools/userspace/app/errors/intercept-console-error.js:56
[  655662ms] [ERROR] Failed to load resource: the server responded with a status of 500 (Internal Server Error) @ http://localhost:3000/?_rsc=fsnpp:0
[  655673ms] [ERROR] Failed to load resource: the server responded with a status of 500 (Internal Server Error) @ http://localhost:3000/?_rsc=fsnpp:0
[  655686ms] [ERROR] Failed to load resource: the server responded with a status of 500 (Internal Server Error) @ http://localhost:3000/?_rsc=fsnpp:0
[  655739ms] [ERROR] Failed to load resource: the server responded with a status of 500 (Internal Server Error) @ http://localhost:3000/:0
[  655986ms] Error: Module not found: Can't resolve '@/components/ScrollReveal'
  1 | import Link from "next/link";
> 2 | import ScrollReveal from "@/components/ScrollReveal";
    | ^
  3 |
  4 | export default function Home() {
  5 |   return (

https://nextjs.org/docs/messages/module-not-found

    at <unknown> (https://nextjs.org/docs/messages/module-not-found)
    at getNotFoundError (file:///Users/moon/work/flitter/node_modules/.pnpm/next@15.5.12_@playwright+test@1.58.2_react-dom@19.2.4_react@19.2.4__react@19.2.4/node_modules/next/dist/build/webpack/plugins/wellknown-errors-plugin/parseNotFoundError.js:140:16)
    at async getModuleBuildError (file:///Users/moon/work/flitter/node_modules/.pnpm/next@15.5.12_@playwright+test@1.58.2_react-dom@19.2.4_react@19.2.4__react@19.2.4/node_modules/next/dist/build/webpack/plugins/wellknown-errors-plugin/webpackModuleError.js:103:27)
    at async (file:///Users/moon/work/flitter/node_modules/.pnpm/next@15.5.12_@playwright+test@1.58.2_react-dom@19.2.4_react@19.2.4__react@19.2.4/node_modules/next/dist/build/webpack/plugins/wellknown-errors-plugin/index.js:29:49)
    at async (file:///Users/moon/work/flitter/node_modules/.pnpm/next@15.5.12_@playwright+test@1.58.2_react-dom@19.2.4_react@19.2.4__react@19.2.4/node_modules/next/dist/build/webpack/plugins/wellknown-errors-plugin/index.js:27:21)
[  656030ms] [ERROR] ./src/app/page.tsx:2:1
Module not found: Can't resolve '@/components/ScrollReveal'
  1 | import Link from "next/link";
> 2 | import ScrollReveal from "@/components/ScrollReveal";
    | ^
  3 |
  4 | export default function Home() {
  5 |   return (

https://nextjs.org/docs/messages/module-not-found @ webpack-internal:///(pages-dir-browser)/../node_modules/.pnpm/next@15.5.12_@playwright+test@1.58.2_react-dom@19.2.4_react@19.2.4__react@19.2.4/node_modules/next/dist/next-devtools/userspace/pages/pages-dev-overlay-setup.js:76
[  661432ms] [ERROR] Failed to load resource: the server responded with a status of 404 (Not Found) @ http://localhost:3000/_next/static/webpack/024959e2fed08f1f.webpack.hot-update.json:0
[  661433ms] [WARNING] [Fast Refresh] performing full reload because your application had an unrecoverable error @ webpack-internal:///(pages-dir-browser)/../node_modules/.pnpm/next@15.5.12_@playwright+test@1.58.2_react-dom@19.2.4_react@19.2.4__react@19.2.4/node_modules/next/dist/client/dev/hot-reloader/pages/hot-reloader-pages.js:347
[  661681ms] [ERROR] Failed to load resource: the server responded with a status of 404 (Not Found) @ http://localhost:3000/_next/static/webpack/024959e2fed08f1f.webpack.hot-update.json:0
[  661681ms] [WARNING] [Fast Refresh] performing full reload because your application had an unrecoverable error @ webpack-internal:///(pages-dir-browser)/../node_modules/.pnpm/next@15.5.12_@playwright+test@1.58.2_react-dom@19.2.4_react@19.2.4__react@19.2.4/node_modules/next/dist/client/dev/hot-reloader/pages/hot-reloader-pages.js:347
