
> @flitterjs/react@0.0.2 build /Users/moon/work/flitter/integrations/react
> vite build

vite v4.5.14 building for production...
[96m../../packages/core/src/component/TextField.ts[0m:[93m135[0m:[93m18[0m - [91merror[0m[90m TS2503: [0mCannot find namespace 'NodeJS'.

[7m135[0m   #typingTimer?: NodeJS.Timeout;
[7m   [0m [91m                 ~~~~~~[0m
[96m../../packages/core/src/component/TextField.ts[0m:[93m667[0m:[93m14[0m - [91merror[0m[90m TS2503: [0mCannot find namespace 'NodeJS'.

[7m667[0m   interval?: NodeJS.Timeout;
[7m   [0m [91m             ~~~~~~[0m
[96m../../packages/core/src/hit-test/HitTestDispatcher.ts[0m:[93m34[0m:[93m41[0m - [91merror[0m[90m TS2345: [0mArgument of type '(e: MouseEvent) => void' is not assignable to parameter of type 'EventListenerOrEventListenerObject'.
  Type '(e: MouseEvent) => void' is not assignable to type 'EventListener'.
    Types of parameters 'e' and 'evt' are incompatible.
      Type 'Event' is missing the following properties from type 'MouseEvent': altKey, button, buttons, clientX, and 23 more.

[7m34[0m     view.addEventListener("mouseleave", this.#handleMouseLeave);
[7m  [0m [91m                                        ~~~~~~~~~~~~~~~~~~~~~~[0m

transforming...
✓ 2 modules transformed.
rendering chunks...

[vite:dts] Start generate declaration files...
computing gzip size...
dist/react.js  0.99 kB │ gzip: 0.50 kB
[vite:dts] Declaration files built in 1197ms.

✓ built in 1.24s
